[angelfishcay5.godaddysites.com/index.html]
[backblue.gif]
[fade.gif]
[index.html]
[angelfishcay5.godaddysites.com/f.atom]
[angelfishcay5.godaddysites.com/f.json]
[angelfishcay5.godaddysites.com/f.rss]
[angelfishcay5.godaddysites.com/manifest.webmanifest]
[img1.wsimg.com/isteam/ip/static/pwa-app/logo-default.png/_/rs=w_57,h_57,m.jpg]
[img1.wsimg.com/isteam/ip/static/pwa-app/logo-default.png/_/rs=w_60,h_60,m.jpg]
[img1.wsimg.com/isteam/ip/static/pwa-app/logo-default.png/_/rs=w_72,h_72,m.jpg]
[img1.wsimg.com/isteam/ip/static/pwa-app/logo-default.png/_/rs=w_114,h_114,m.jpg]
[img1.wsimg.com/isteam/ip/static/pwa-app/logo-default.png/_/rs=w_120,h_120,m.jpg]
[img1.wsimg.com/isteam/ip/static/pwa-app/logo-default.png/_/rs=w_144,h_144,m.jpg]
[img1.wsimg.com/isteam/ip/static/pwa-app/logo-default.png/_/rs=w_152,h_152,m.jpg]
[img1.wsimg.com/isteam/ip/static/pwa-app/logo-default.png/_/rs=w_180,h_180,m.jpg]
[img1.wsimg.com/isteam/ip/ba5c075e-ae71-432f-9270-908fd8568a94/AC5 Drone view.jpg]
[angelfishcay5.godaddysites.com/sw.js]
[img1.wsimg.com/isteam/ip/ba5c075e-ae71-432f-9270-908fd8568a94/20231011_093159.jpg/_/cr=t_0%,l_0%,w_100%,h_100%/rs=w_400,cg_true.jpg]
[img1.wsimg.com/poly/v3/polyfill.min75c4.js]
[img1.wsimg.com/blobby/go/ba5c075e-ae71-432f-9270-908fd8568a94/gpub/8d2c75b68fdf57d0/script.js]
[img1.wsimg.com/blobby/go/ba5c075e-ae71-432f-9270-908fd8568a94/gpub/bc0d59535fce967b/script.js]
[img1.wsimg.com/ceph-p3-01/website-builder-data-prod/static/widgets/UX.4.34.11.js]
[angelfishcay5.godaddysites.com/index.html]
[img1.wsimg.com/signals/js/clients/tccl/tccl.min.js]
[img1.wsimg.com/isteam/ip/ba5c075e-ae71-432f-9270-908fd8568a94/AC5 Drone view.jpg]
[img1.wsimg.com/isteam/ip/ba5c075e-ae71-432f-9270-908fd8568a94/20231011_093159.jpg/_/cr=t_0%,l_0%,w_100%,h_100%/rs=w_400,cg_true.jpg]
